WARNING: Unused predicate alwaysPrecededByInitCall (/workspaces/codeql-learning-catalog/docs/LDF/102/cpp/src/exercises/Exercise9.ql:27,11-35)
WARNING: Unused predicate callAlwaysCallsInit (/workspaces/codeql-learning-catalog/docs/LDF/102/cpp/src/exercises/Exercise9.ql:22,11-30)
WARNING: Unused predicate initCallDominatesExit (/workspaces/codeql-learning-catalog/docs/LDF/102/cpp/src/exercises/Exercise9.ql:17,11-32)
edges
nodes
subpaths
#select
