edges
| test.cpp:28:14:28:16 | ctx | test.cpp:30:15:30:18 | & ... |
| test.cpp:34:14:34:16 | ctx | test.cpp:40:15:40:18 | & ... |
| test.cpp:43:43:43:45 | ctx | test.cpp:44:15:44:17 | ctx |
| test.cpp:48:14:48:16 | ctx | test.cpp:49:28:49:31 | & ... |
| test.cpp:49:28:49:31 | & ... | test.cpp:43:43:43:45 | ctx |
nodes
| test.cpp:28:14:28:16 | ctx | semmle.label | ctx |
| test.cpp:30:15:30:18 | & ... | semmle.label | & ... |
| test.cpp:34:14:34:16 | ctx | semmle.label | ctx |
| test.cpp:40:15:40:18 | & ... | semmle.label | & ... |
| test.cpp:43:43:43:45 | ctx | semmle.label | ctx |
| test.cpp:44:15:44:17 | ctx | semmle.label | ctx |
| test.cpp:48:14:48:16 | ctx | semmle.label | ctx |
| test.cpp:49:28:49:31 | & ... | semmle.label | & ... |
subpaths
#select
| test.cpp:30:15:30:18 | & ... | test.cpp:28:14:28:16 | ctx | test.cpp:30:15:30:18 | & ... | Function 'some_action' called without being initialized. |
| test.cpp:40:15:40:18 | & ... | test.cpp:34:14:34:16 | ctx | test.cpp:40:15:40:18 | & ... | Function 'some_action' called without being initialized. |
| test.cpp:44:15:44:17 | ctx | test.cpp:48:14:48:16 | ctx | test.cpp:44:15:44:17 | ctx | Function 'some_action' called without being initialized. |
