| test.cpp:18:3:18:13 | call to some_action | Function '$@' called without being preceded by call to 'init'. | test.cpp:5:6:5:16 | some_action | some_action |
| test.cpp:28:3:28:13 | call to some_action | Function '$@' called without being preceded by call to 'init'. | test.cpp:5:6:5:16 | some_action | some_action |
