WARNING: Unused predicate reachable (/workspaces/codeql-learning-catalog/docs/LDF/102/java/src/exercises/Exercise5.ql:31,11-20)
| Test.java:16:9:16:24 | someAction(...) | Method $@ called without being preceded by initialize. | Test.java:16:9:16:24 | someAction(...) | someAction |
| Test.java:22:9:22:24 | someAction(...) | Method $@ called without being preceded by initialize. | Test.java:22:9:22:24 | someAction(...) | someAction |
