| Test.java:22:9:22:24 | someAction(...) | Method $@ called without being preceded by initialize. | Test.java:22:9:22:24 | someAction(...) | someAction |
| Test.java:31:9:31:24 | someAction(...) | Method $@ called without being preceded by initialize. | Test.java:31:9:31:24 | someAction(...) | someAction |
